// Jest Snapshot v1, https://goo.gl/fbAQLP

exports[`renders homepage unchanged 1`] = `
<div>
  <main
    class="sc-gsnTZi bXZAsw"
  >
    <section
      class="sc-dkzDqf etqhMt"
    >
      <h1>
        Convert number to roman number
      </h1>
      <section
        class="sc-bczRLJ bMbtBZ"
      >
        <input
          data-testid="inputComponent"
          placeholder="Please insert a integer number"
          type="number"
          value=""
        />
      </section>
    </section>
  </main>
</div>
`;
